// Vitest Snapshot v1, https://vitest.dev/guide/snapshot.html

exports[`AutorunApp > drilled-in body renders three vertical regions: briefs | nodes | events 1`] = `
"╭──────────────────────────────────────────────────────────────────────────────────────────────────╮
│ minifac autorun · watch=inputs · in-flight=0/2 · brief: beta · factory: sdd                      │
╰──────────────────────────────────────────────────────────────────────────────────────────────────╯
╭──────────────────────────────────────────────────────────────────────────────────────────────────╮
│   ⠋ alpha                │ ▸ ⠋ propose              │ ▸ thinking…                                │
│ · ⠋ beta                 │   ○ apply                │                                            │
│                          │                          │                                            │
│                          │                          │                                            │
│                          │                          │                                            │
│                          │                          │                                            │
│                          │                          │                                            │
│                          │                          │                                            │
│                          │                          │                                            │
│                          │                          │                                            │
│                          │                          │                                            │
│                          │                          │                                            │
│                          │                          │                                            │
│                          │                          │                                            │
│                          │                          │                                            │
│                          │                          │                                            │
╰──────────────────────────────────────────────────────────────────────────────────────────────────╯
╭──────────────────────────────────────────────────────────────────────────────────────────────────╮
│ ↑/↓ select node · Enter follow · < > iter · d details · Esc back to briefs · r raw · q quit      │
╰──────────────────────────────────────────────────────────────────────────────────────────────────╯"
`;
